2026-09-09 16:44:59.622: [INFO] CurrentProfilePath: C:\Users\Pranav\Desktop\Spring_Framework_New\.metadata\.plugins\org.eclipse.swt\EBWebView\Default
2026-09-09 16:44:59.622: [INFO] Profiles total count: 1
2026-09-09 16:44:59.622: [INFO] Profile: name=Profile 1 path=C:\Users\Pranav\Desktop\Spring_Framework_New\.metadata\.plugins\org.eclipse.swt\EBWebView\Default lastActive=null
2026-09-09 16:44:59.622: [INFO] LastUsedProfileDir: C:\Users\Pranav\Desktop\Spring_Framework_New\.metadata\.plugins\org.eclipse.swt\EBWebView\Default
2026-09-09 16:44:59.622: [INFO] OnDoneLoading sync enabled: 0
2026-09-09 16:44:59.622: [INFO] BookmarkModelLoaded, ids_reassigned: 0
2026-09-09 16:44:59.622: [INFO] BookmarksLoadDropped droppedNodes=0
2026-09-09 16:44:59.622: [INFO] BookmarksSnapshot Startup total=0 bar=0 other=0 mobile=0 showBar=0 showBarNTP=1
2026-09-09 16:45:08.839: [INFO] BookmarksSnapshot Shutdown total=0 bar=0 other=0 mobile=0 showBar=0 showBarNTP=1
2026-09-09 16:53:10.190: [INFO] CurrentProfilePath: C:\Users\Pranav\Desktop\Spring_Framework_New\.metadata\.plugins\org.eclipse.swt\EBWebView\Default
2026-09-09 16:53:10.190: [INFO] Profiles total count: 1
2026-09-09 16:53:10.190: [INFO] Profile: name=Profile 1 path=C:\Users\Pranav\Desktop\Spring_Framework_New\.metadata\.plugins\org.eclipse.swt\EBWebView\Default lastActive=2026-09-09T16:45:04.765Z
2026-09-09 16:53:10.190: [INFO] LastUsedProfileDir: C:\Users\Pranav\Desktop\Spring_Framework_New\.metadata\.plugins\org.eclipse.swt\EBWebView\Default
2026-09-09 16:53:10.190: [INFO] MostRecentlyActiveProfile: name=Profile 1 path=C:\Users\Pranav\Desktop\Spring_Framework_New\.metadata\.plugins\org.eclipse.swt\EBWebView\Default lastActive=2026-09-09T16:45:04.765Z
2026-09-09 16:53:10.190: [INFO] OnDoneLoading sync enabled: 0
2026-09-09 16:53:10.190: [INFO] BookmarkModelLoaded, ids_reassigned: 0
2026-09-09 16:53:10.190: [INFO] BookmarksLoadDropped droppedNodes=0
2026-09-09 16:53:10.190: [INFO] BookmarksSnapshot Startup total=0 bar=0 other=0 mobile=0 showBar=0 showBarNTP=1
2026-09-09 17:17:24.126: [INFO] BookmarksSnapshot Shutdown total=0 bar=0 other=0 mobile=0 showBar=0 showBarNTP=1
2026-09-09 17:19:36.524: [INFO] CurrentProfilePath: C:\Users\Pranav\Desktop\Spring_Framework_New\.metadata\.plugins\org.eclipse.swt\EBWebView\Default
2026-09-09 17:19:36.524: [INFO] Profiles total count: 1
2026-09-09 17:19:36.524: [INFO] Profile: name=Profile 1 path=C:\Users\Pranav\Desktop\Spring_Framework_New\.metadata\.plugins\org.eclipse.swt\EBWebView\Default lastActive=2026-09-09T16:45:04.765Z
2026-09-09 17:19:36.525: [INFO] LastUsedProfileDir: C:\Users\Pranav\Desktop\Spring_Framework_New\.metadata\.plugins\org.eclipse.swt\EBWebView\Default
2026-09-09 17:19:36.525: [INFO] MostRecentlyActiveProfile: name=Profile 1 path=C:\Users\Pranav\Desktop\Spring_Framework_New\.metadata\.plugins\org.eclipse.swt\EBWebView\Default lastActive=2026-09-09T16:45:04.765Z
2026-09-09 17:19:36.525: [INFO] OnDoneLoading sync enabled: 0
2026-09-09 17:19:36.525: [INFO] BookmarkModelLoaded, ids_reassigned: 0
2026-09-09 17:19:36.525: [INFO] BookmarksLoadDropped droppedNodes=0
2026-09-09 17:19:36.525: [INFO] BookmarksSnapshot Startup total=0 bar=0 other=0 mobile=0 showBar=0 showBarNTP=1
2026-09-09 17:26:49.189: [INFO] BookmarksSnapshot Shutdown total=0 bar=0 other=0 mobile=0 showBar=0 showBarNTP=1
